03:18:55 eth_gasPrice 0.673483s response=[miss head] archive=[hit=0 miss=1]
03:18:55 eth_maxPriorityFeePerGas 0.414224s response=[miss head] archive=[hit=1 miss=0]
03:18:56 eth_feeHistory 0.744118s response=[miss head] archive=[hit=2 miss=0]
03:19:01 eth_gasPrice 1.708656s response=[hit head] archive=[hit=0 miss=1]
03:19:01 eth_maxPriorityFeePerGas 0.603311s response=[hit head] archive=[hit=1 miss=0]
03:19:02 eth_feeHistory 0.502694s response=[hit head] archive=[hit=1 miss=0]
03:19:05 eth_gasPrice 0.546912s response=[hit head] archive=[hit=1 miss=0]
03:19:06 eth_maxPriorityFeePerGas 0.337164s response=[hit head] archive=[hit=1 miss=0]
03:19:06 eth_feeHistory 0.333112s response=[hit head] archive=[hit=1 miss=0]
03:19:10 eth_gasPrice 0.582632s response=[miss head] archive=[hit=1 miss=1]
03:19:10 eth_maxPriorityFeePerGas 0.370749s response=[miss head] archive=[hit=1 miss=0]
03:19:10 eth_feeHistory 0.162461s response=[miss head] archive=[hit=0 miss=0]
03:19:14 eth_gasPrice 0.752931s response=[hit head] archive=[hit=0 miss=1]
03:19:14 eth_maxPriorityFeePerGas 0.191996s response=[hit head] archive=[hit=0 miss=0]
03:19:15 eth_feeHistory 0.450190s response=[hit head] archive=[hit=1 miss=0]
03:19:18 eth_gasPrice 0.544758s response=[hit head] archive=[hit=1 miss=0]
03:19:19 eth_maxPriorityFeePerGas 0.497435s response=[hit head] archive=[hit=1 miss=0]
03:19:20 eth_feeHistory 0.507555s response=[hit head] archive=[hit=1 miss=0]
03:19:24 eth_gasPrice 1.187105s response=[miss head] archive=[hit=0 miss=2]
03:19:24 eth_maxPriorityFeePerGas 0.399110s response=[miss head] archive=[hit=1 miss=0]
03:19:24 eth_feeHistory 0.185741s response=[miss head] archive=[hit=1 miss=0]
03:19:28 eth_gasPrice 0.352994s response=[hit head] archive=[hit=1 miss=0]
03:19:28 eth_maxPriorityFeePerGas 0.513833s response=[hit head] archive=[hit=1 miss=0]
03:19:29 eth_feeHistory 0.181825s response=[hit head] archive=[hit=0 miss=0]
03:19:33 eth_gasPrice 1.503491s response=[miss head] archive=[hit=0 miss=2]
03:19:33 eth_maxPriorityFeePerGas 0.203095s response=[miss head] archive=[hit=0 miss=0]
03:19:34 eth_feeHistory 0.594369s response=[miss head] archive=[hit=2 miss=0]
03:19:37 eth_gasPrice 0.331961s response=[hit head] archive=[hit=1 miss=0]
03:19:38 eth_maxPriorityFeePerGas 0.335580s response=[hit head] archive=[hit=1 miss=0]
03:19:38 eth_feeHistory 0.543113s response=[hit head] archive=[hit=1 miss=0]
03:19:42 eth_gasPrice 0.316629s response=[hit head] archive=[hit=1 miss=0]
03:19:43 eth_maxPriorityFeePerGas 1.034768s response=[hit head] archive=[hit=0 miss=1]
03:19:43 eth_feeHistory 0.165983s response=[hit head] archive=[hit=0 miss=0]
03:19:47 eth_gasPrice 1.069607s response=[miss head] archive=[hit=1 miss=1]
03:19:47 eth_maxPriorityFeePerGas 0.192369s response=[miss head] archive=[hit=0 miss=0]
03:19:48 eth_feeHistory 0.404483s response=[miss head] archive=[hit=1 miss=0]
03:19:51 eth_gasPrice 0.358052s response=[hit head] archive=[hit=1 miss=0]
03:19:52 eth_maxPriorityFeePerGas 0.229929s response=[hit head] archive=[hit=0 miss=0]
03:19:52 eth_feeHistory 0.620978s response=[hit head] archive=[hit=1 miss=0]
03:19:56 eth_gasPrice 1.015874s response=[miss head] archive=[hit=0 miss=2]
03:19:57 eth_maxPriorityFeePerGas 0.441612s response=[miss head] archive=[hit=1 miss=0]
03:19:57 eth_feeHistory 0.450150s response=[miss head] archive=[hit=2 miss=0]
03:20:01 eth_gasPrice 0.575656s response=[hit head] archive=[hit=1 miss=0]
03:20:01 eth_maxPriorityFeePerGas 0.509646s response=[hit head] archive=[hit=1 miss=0]
03:20:02 eth_feeHistory 0.357007s response=[hit head] archive=[hit=1 miss=0]
03:20:05 eth_gasPrice 0.252094s response=[hit head] archive=[hit=0 miss=0]
03:20:05 eth_maxPriorityFeePerGas 0.345612s response=[hit head] archive=[hit=1 miss=0]
03:20:06 eth_feeHistory 0.268482s response=[hit head] archive=[hit=0 miss=0]
03:20:10 eth_gasPrice 1.093266s response=[miss head] archive=[hit=0 miss=2]
03:20:10 eth_maxPriorityFeePerGas 0.489552s response=[miss head] archive=[hit=1 miss=0]
03:20:11 eth_feeHistory 0.282860s response=[miss head] archive=[hit=1 miss=0]
03:20:14 eth_gasPrice 0.283319s response=[hit head] archive=[hit=0 miss=0]
03:20:15 eth_maxPriorityFeePerGas 0.376634s response=[hit head] archive=[hit=1 miss=0]
03:20:15 eth_feeHistory 0.403219s response=[hit head] archive=[hit=1 miss=0]
03:20:19 eth_gasPrice 0.942685s response=[miss head] archive=[hit=0 miss=2]
03:20:20 eth_maxPriorityFeePerGas 0.527597s response=[miss head] archive=[hit=1 miss=0]
03:20:21 eth_feeHistory 0.996367s response=[miss head] archive=[hit=2 miss=0]
03:20:24 eth_gasPrice 0.332494s response=[hit head] archive=[hit=1 miss=0]
03:20:24 eth_maxPriorityFeePerGas 0.188287s response=[hit head] archive=[hit=0 miss=0]
03:20:25 eth_feeHistory 0.308354s response=[hit head] archive=[hit=1 miss=0]
03:20:28 eth_gasPrice 0.269128s response=[hit head] archive=[hit=0 miss=0]
03:20:28 eth_maxPriorityFeePerGas 0.307388s response=[hit head] archive=[hit=1 miss=0]
03:20:29 eth_feeHistory 0.299351s response=[hit head] archive=[hit=0 miss=0]
03:20:32 eth_gasPrice 0.611009s response=[miss head] archive=[hit=0 miss=1]
03:20:33 eth_maxPriorityFeePerGas 0.323988s response=[miss head] archive=[hit=1 miss=0]
03:20:33 eth_feeHistory 0.255637s response=[miss head] archive=[hit=1 miss=0]
03:20:36 eth_gasPrice 0.339158s response=[hit head] archive=[hit=0 miss=0]
03:20:37 eth_maxPriorityFeePerGas 0.582821s response=[hit head] archive=[hit=0 miss=1]
03:20:37 eth_feeHistory 0.335724s response=[hit head] archive=[hit=1 miss=0]
03:20:41 eth_gasPrice 0.387738s response=[hit head] archive=[hit=1 miss=0]
03:20:41 eth_maxPriorityFeePerGas 0.318757s response=[hit head] archive=[hit=1 miss=0]
03:20:41 eth_feeHistory 0.172115s response=[hit head] archive=[hit=0 miss=0]
03:20:45 eth_gasPrice 0.700433s response=[miss head] archive=[hit=0 miss=1]
03:20:46 eth_maxPriorityFeePerGas 0.937816s response=[miss head] archive=[hit=0 miss=1]
03:20:46 eth_feeHistory 0.340349s response=[miss head] archive=[hit=1 miss=0]
03:20:50 eth_gasPrice 0.527175s response=[hit head] archive=[hit=1 miss=0]
03:20:50 eth_maxPriorityFeePerGas 0.521675s response=[hit head] archive=[hit=1 miss=0]
03:20:51 eth_feeHistory 0.374839s response=[hit head] archive=[hit=1 miss=0]
03:20:55 eth_gasPrice 0.694798s response=[miss head] archive=[hit=1 miss=1]
03:20:55 eth_maxPriorityFeePerGas 0.202574s response=[miss head] archive=[hit=0 miss=0]
03:20:55 eth_feeHistory 0.219087s response=[miss head] archive=[hit=0 miss=0]
03:20:58 eth_gasPrice 0.335859s response=[hit head] archive=[hit=0 miss=0]
03:20:59 eth_maxPriorityFeePerGas 0.163558s response=[hit head] archive=[hit=0 miss=0]
03:20:59 eth_feeHistory 0.184108s response=[hit head] archive=[hit=0 miss=0]
03:21:03 eth_gasPrice 0.703337s response=[hit head] archive=[hit=0 miss=1]
03:21:03 eth_maxPriorityFeePerGas 0.568571s response=[hit head] archive=[hit=1 miss=0]
03:21:04 eth_feeHistory 0.302892s response=[hit head] archive=[hit=1 miss=0]
03:21:07 eth_gasPrice 0.829529s response=[miss head] archive=[hit=1 miss=1]
03:21:08 eth_maxPriorityFeePerGas 0.232862s response=[miss head] archive=[hit=0 miss=0]
03:21:09 eth_feeHistory 0.771038s response=[miss head] archive=[hit=1 miss=0]
03:21:12 eth_gasPrice 0.838447s response=[hit head] archive=[hit=1 miss=0]
03:21:13 eth_maxPriorityFeePerGas 0.192758s response=[hit head] archive=[hit=0 miss=0]
03:21:13 eth_feeHistory 0.335931s response=[hit head] archive=[hit=1 miss=0]
03:21:16 eth_gasPrice 0.242422s response=[hit head] archive=[hit=0 miss=0]
03:21:17 eth_maxPriorityFeePerGas 0.196934s response=[hit head] archive=[hit=0 miss=0]
03:21:18 eth_feeHistory 1.246757s response=[hit head] archive=[hit=0 miss=1]
03:21:22 eth_gasPrice 0.687159s response=[hit head] archive=[hit=1 miss=0]
03:21:22 eth_maxPriorityFeePerGas 0.570438s response=[hit head] archive=[hit=1 miss=0]
03:21:23 eth_feeHistory 0.622035s response=[hit head] archive=[hit=1 miss=0]
03:21:26 eth_gasPrice 0.334816s response=[hit head] archive=[hit=1 miss=0]
03:21:27 eth_maxPriorityFeePerGas 0.176113s response=[hit head] archive=[hit=0 miss=0]
03:21:27 eth_feeHistory 0.159378s response=[hit head] archive=[hit=0 miss=0]
03:21:30 eth_gasPrice 0.251027s response=[hit head] archive=[hit=0 miss=0]
03:21:30 eth_maxPriorityFeePerGas 0.165656s response=[hit head] archive=[hit=0 miss=0]
03:21:30 eth_feeHistory 0.178556s response=[hit head] archive=[hit=0 miss=0]
03:21:34 eth_gasPrice 0.249061s response=[hit head] archive=[hit=0 miss=0]
03:21:34 eth_maxPriorityFeePerGas 0.549830s response=[hit head] archive=[hit=1 miss=0]
03:21:35 eth_feeHistory 0.667183s response=[hit head] archive=[hit=1 miss=0]
03:21:39 eth_gasPrice 0.532065s response=[hit head] archive=[hit=0 miss=1]
03:21:39 eth_maxPriorityFeePerGas 0.432637s response=[hit head] archive=[hit=1 miss=0]
03:21:40 eth_feeHistory 0.737820s response=[hit head] archive=[hit=1 miss=0]
03:21:43 eth_gasPrice 0.360914s response=[hit head] archive=[hit=1 miss=0]
03:21:43 eth_maxPriorityFeePerGas 0.173028s response=[hit head] archive=[hit=0 miss=0]
03:21:44 eth_feeHistory 0.282323s response=[hit head] archive=[hit=1 miss=0]
03:21:47 eth_gasPrice 0.258809s response=[hit head] archive=[hit=0 miss=0]
03:21:47 eth_maxPriorityFeePerGas 0.172415s response=[hit head] archive=[hit=0 miss=0]
03:21:48 eth_feeHistory 0.342080s response=[hit head] archive=[hit=1 miss=0]
03:21:51 eth_gasPrice 0.258640s response=[hit head] archive=[hit=0 miss=0]
03:21:52 eth_maxPriorityFeePerGas 0.728720s response=[hit head] archive=[hit=0 miss=1]
03:21:52 eth_feeHistory 0.327937s response=[hit head] archive=[hit=1 miss=0]
03:21:55 eth_gasPrice 0.291613s response=[hit head] archive=[hit=1 miss=0]
03:21:56 eth_maxPriorityFeePerGas 0.290375s response=[hit head] archive=[hit=1 miss=0]
03:21:56 eth_feeHistory 0.190685s response=[hit head] archive=[hit=0 miss=0]
03:22:00 eth_gasPrice 0.993000s response=[hit head] archive=[hit=0 miss=1]
03:22:00 eth_maxPriorityFeePerGas 0.435438s response=[hit head] archive=[hit=1 miss=0]
03:22:01 eth_feeHistory 0.155491s response=[hit head] archive=[hit=0 miss=0]
03:22:04 eth_gasPrice 0.575078s response=[] archive=[]
03:22:05 eth_maxPriorityFeePerGas 0.454464s response=[hit head] archive=[hit=1 miss=0]
03:22:05 eth_feeHistory 0.446325s response=[hit head] archive=[hit=1 miss=0]
03:22:09 eth_gasPrice 0.810289s response=[hit head] archive=[hit=1 miss=0]
03:22:10 eth_maxPriorityFeePerGas 0.877399s response=[miss head] archive=[hit=0 miss=1]
03:22:11 eth_feeHistory 0.588101s response=[miss head] archive=[hit=2 miss=0]
03:22:14 eth_gasPrice 0.740437s response=[bypass] archive=[hit=0 miss=0]
03:22:15 eth_maxPriorityFeePerGas 0.373927s response=[hit head] archive=[hit=1 miss=0]
03:22:15 eth_feeHistory 0.297372s response=[hit head] archive=[hit=1 miss=0]
03:22:19 eth_gasPrice 1.144158s response=[miss head] archive=[hit=0 miss=1]
03:22:20 eth_maxPriorityFeePerGas 0.180982s response=[hit head] archive=[hit=0 miss=0]
03:22:20 eth_feeHistory 0.584686s response=[hit head] archive=[hit=1 miss=0]
03:22:24 eth_gasPrice 0.544973s response=[hit head] archive=[hit=1 miss=0]
03:22:24 eth_maxPriorityFeePerGas 0.335900s response=[hit head] archive=[hit=1 miss=0]
03:22:24 eth_feeHistory 0.162495s response=[hit head] archive=[hit=0 miss=0]
03:22:28 eth_gasPrice 0.314756s response=[hit head] archive=[hit=0 miss=0]
03:22:28 eth_maxPriorityFeePerGas 0.391294s response=[hit head] archive=[hit=1 miss=0]
03:22:28 eth_feeHistory 0.309876s response=[hit head] archive=[hit=1 miss=0]
03:22:32 eth_gasPrice 0.251373s response=[hit head] archive=[hit=0 miss=0]
03:22:32 eth_maxPriorityFeePerGas 0.333501s response=[hit head] archive=[hit=1 miss=0]
03:22:33 eth_feeHistory 0.857007s response=[hit head] archive=[hit=0 miss=1]
03:22:37 eth_gasPrice 1.180867s response=[miss head] archive=[hit=1 miss=7]
03:22:37 eth_maxPriorityFeePerGas 0.149336s response=[miss head] archive=[hit=0 miss=0]
03:22:38 eth_feeHistory 0.165434s response=[miss head] archive=[hit=0 miss=0]
