03:13:00 eth_gasPrice 1.585115s response=[miss head] archive=[hit=13 miss=5]
03:13:01 eth_maxPriorityFeePerGas 0.950972s response=[miss head] archive=[hit=16 miss=0]
03:13:01 eth_feeHistory 0.751770s response=[miss head] archive=[hit=6 miss=0]
03:13:06 eth_gasPrice 1.426729s response=[miss head] archive=[hit=19 miss=2]
03:13:07 eth_maxPriorityFeePerGas 1.236678s response=[miss head] archive=[hit=17 miss=0]
03:13:08 eth_feeHistory 0.602833s response=[miss head] archive=[hit=5 miss=0]
03:13:11 eth_gasPrice 0.619887s response=[hit head] archive=[hit=1 miss=0]
03:13:12 eth_maxPriorityFeePerGas 0.239455s response=[hit head] archive=[hit=0 miss=0]
03:13:12 eth_feeHistory 0.533426s response=[hit head] archive=[hit=1 miss=0]
03:13:16 eth_gasPrice 0.459365s response=[hit head] archive=[hit=1 miss=0]
03:13:16 eth_maxPriorityFeePerGas 0.179142s response=[hit head] archive=[hit=0 miss=0]
03:13:17 eth_feeHistory 0.502406s response=[hit head] archive=[hit=1 miss=0]
03:13:21 eth_gasPrice 1.879501s response=[miss head] archive=[hit=19 miss=2]
03:13:23 eth_maxPriorityFeePerGas 1.556625s response=[miss head] archive=[hit=21 miss=0]
03:13:23 eth_feeHistory 0.411449s response=[miss head] archive=[hit=2 miss=0]
03:13:27 eth_gasPrice 0.555022s response=[hit head] archive=[hit=1 miss=0]
03:13:28 eth_maxPriorityFeePerGas 0.533919s response=[hit head] archive=[hit=1 miss=0]
03:13:28 eth_feeHistory 0.164777s response=[hit head] archive=[hit=0 miss=0]
03:13:32 eth_gasPrice 1.417951s response=[miss head] archive=[hit=13 miss=1]
03:13:33 eth_maxPriorityFeePerGas 0.494932s response=[miss head] archive=[hit=14 miss=0]
03:13:33 eth_feeHistory 0.480977s response=[miss head] archive=[hit=5 miss=0]
03:13:37 eth_gasPrice 0.329978s response=[hit head] archive=[hit=0 miss=0]
03:13:37 eth_maxPriorityFeePerGas 0.300052s response=[hit head] archive=[hit=1 miss=0]
03:13:38 eth_feeHistory 0.671585s response=[hit head] archive=[hit=0 miss=1]
03:13:42 eth_gasPrice 0.973327s response=[miss head] archive=[hit=3 miss=1]
03:13:42 eth_maxPriorityFeePerGas 0.548451s response=[miss head] archive=[hit=16 miss=0]
03:13:43 eth_feeHistory 0.169540s response=[miss head] archive=[hit=0 miss=0]
03:13:46 eth_gasPrice 0.795392s response=[hit head] archive=[hit=1 miss=0]
03:13:47 eth_maxPriorityFeePerGas 0.530154s response=[hit head] archive=[hit=1 miss=0]
03:13:47 eth_feeHistory 0.407568s response=[hit head] archive=[hit=1 miss=0]
03:13:51 eth_gasPrice 0.701803s response=[hit head] archive=[hit=0 miss=1]
03:13:51 eth_maxPriorityFeePerGas 0.165589s response=[hit head] archive=[hit=0 miss=0]
03:13:52 eth_feeHistory 0.426160s response=[hit head] archive=[hit=1 miss=0]
03:13:56 eth_gasPrice 0.828184s response=[miss head] archive=[hit=1 miss=1]
03:13:56 eth_maxPriorityFeePerGas 0.175875s response=[miss head] archive=[hit=0 miss=0]
03:13:57 eth_feeHistory 0.638367s response=[miss head] archive=[hit=6 miss=0]
03:14:00 eth_gasPrice 0.423034s response=[hit head] archive=[hit=1 miss=0]
03:14:01 eth_maxPriorityFeePerGas 0.409135s response=[hit head] archive=[hit=1 miss=0]
03:14:01 eth_feeHistory 0.187621s response=[hit head] archive=[hit=0 miss=0]
03:14:04 eth_gasPrice 0.331411s response=[hit head] archive=[hit=0 miss=0]
03:14:05 eth_maxPriorityFeePerGas 0.400039s response=[hit head] archive=[hit=1 miss=0]
03:14:05 eth_feeHistory 0.295269s response=[hit head] archive=[hit=1 miss=0]
03:14:09 eth_gasPrice 0.910094s response=[miss head] archive=[hit=3 miss=1]
03:14:09 eth_maxPriorityFeePerGas 0.546462s response=[miss head] archive=[hit=5 miss=0]
03:14:10 eth_feeHistory 0.603570s response=[miss head] archive=[hit=5 miss=0]
03:14:14 eth_gasPrice 0.878570s response=[hit head] archive=[hit=0 miss=1]
03:14:15 eth_maxPriorityFeePerGas 0.594650s response=[hit head] archive=[hit=1 miss=0]
03:14:15 eth_feeHistory 0.298979s response=[hit head] archive=[hit=1 miss=0]
03:14:19 eth_gasPrice 1.225860s response=[miss head] archive=[hit=2 miss=1]
03:14:20 eth_maxPriorityFeePerGas 0.787933s response=[miss head] archive=[hit=13 miss=0]
03:14:20 eth_feeHistory 0.299737s response=[miss head] archive=[hit=5 miss=0]
03:14:24 eth_gasPrice 0.407150s response=[hit head] archive=[hit=1 miss=0]
03:14:24 eth_maxPriorityFeePerGas 0.316773s response=[hit head] archive=[hit=1 miss=0]
03:14:25 eth_feeHistory 0.562166s response=[hit head] archive=[hit=1 miss=0]
03:14:28 eth_gasPrice 0.375656s response=[hit head] archive=[hit=0 miss=0]
03:14:29 eth_maxPriorityFeePerGas 0.256793s response=[hit head] archive=[hit=0 miss=0]
03:14:29 eth_feeHistory 0.383425s response=[hit head] archive=[hit=1 miss=0]
03:14:33 eth_gasPrice 1.069716s response=[miss head] archive=[hit=19 miss=1]
03:14:34 eth_maxPriorityFeePerGas 0.542417s response=[miss head] archive=[hit=6 miss=0]
03:14:34 eth_feeHistory 0.687159s response=[miss head] archive=[hit=1 miss=1]
03:14:38 eth_gasPrice 0.373689s response=[hit head] archive=[hit=1 miss=0]
03:14:38 eth_maxPriorityFeePerGas 0.317308s response=[hit head] archive=[hit=1 miss=0]
03:14:39 eth_feeHistory 0.634212s response=[hit head] archive=[hit=1 miss=0]
03:14:43 eth_gasPrice 1.107700s response=[miss head] archive=[hit=1 miss=2]
03:14:44 eth_maxPriorityFeePerGas 0.731569s response=[miss head] archive=[hit=6 miss=0]
03:14:44 eth_feeHistory 0.471123s response=[miss head] archive=[hit=4 miss=0]
03:14:48 eth_gasPrice 0.311407s response=[hit head] archive=[hit=1 miss=0]
03:14:48 eth_maxPriorityFeePerGas 0.223742s response=[hit head] archive=[hit=0 miss=0]
03:14:48 eth_feeHistory 0.196736s response=[hit head] archive=[hit=0 miss=0]
03:14:51 eth_gasPrice 0.308608s response=[hit head] archive=[hit=0 miss=0]
03:14:52 eth_maxPriorityFeePerGas 0.686103s response=[hit head] archive=[hit=0 miss=1]
03:14:53 eth_feeHistory 0.442287s response=[hit head] archive=[hit=1 miss=0]
03:14:57 eth_gasPrice 0.867500s response=[miss head] archive=[hit=5 miss=1]
03:14:57 eth_maxPriorityFeePerGas 0.802356s response=[miss head] archive=[hit=7 miss=0]
03:14:58 eth_feeHistory 0.405376s response=[miss head] archive=[hit=3 miss=0]
03:15:02 eth_gasPrice 0.862927s response=[hit head] archive=[hit=1 miss=0]
03:15:02 eth_maxPriorityFeePerGas 0.601357s response=[hit head] archive=[hit=0 miss=1]
03:15:03 eth_feeHistory 0.395374s response=[hit head] archive=[hit=1 miss=0]
03:15:06 eth_gasPrice 0.440261s response=[hit head] archive=[hit=1 miss=0]
03:15:07 eth_maxPriorityFeePerGas 0.163271s response=[hit head] archive=[hit=0 miss=0]
03:15:07 eth_feeHistory 0.752404s response=[hit head] archive=[hit=1 miss=0]
03:15:11 eth_gasPrice 0.861139s response=[miss head] archive=[hit=13 miss=1]
03:15:12 eth_maxPriorityFeePerGas 1.230831s response=[miss head] archive=[hit=3 miss=1]
03:15:13 eth_feeHistory 0.745760s response=[miss head] archive=[hit=6 miss=0]
03:15:17 eth_gasPrice 1.071937s response=[miss head] archive=[hit=6 miss=1]
03:15:18 eth_maxPriorityFeePerGas 0.189110s response=[miss head] archive=[hit=0 miss=0]
03:15:18 eth_feeHistory 0.714884s response=[miss head] archive=[hit=6 miss=0]
03:15:22 eth_gasPrice 0.332699s response=[hit head] archive=[hit=1 miss=0]
03:15:22 eth_maxPriorityFeePerGas 0.629802s response=[hit head] archive=[hit=0 miss=1]
03:15:23 eth_feeHistory 0.164027s response=[hit head] archive=[hit=0 miss=0]
03:15:26 eth_gasPrice 0.258350s response=[hit head] archive=[hit=0 miss=0]
03:15:26 eth_maxPriorityFeePerGas 0.423320s response=[hit head] archive=[hit=1 miss=0]
03:15:27 eth_feeHistory 0.545062s response=[hit head] archive=[hit=1 miss=0]
03:15:31 eth_gasPrice 0.777647s response=[miss head] archive=[hit=2 miss=1]
03:15:32 eth_maxPriorityFeePerGas 0.899271s response=[miss head] archive=[hit=2 miss=0]
03:15:33 eth_feeHistory 0.906069s response=[miss head] archive=[hit=4 miss=0]
03:15:37 eth_gasPrice 1.079522s response=[hit head] archive=[hit=0 miss=1]
03:15:37 eth_maxPriorityFeePerGas 0.159961s response=[hit head] archive=[hit=0 miss=0]
03:15:37 eth_feeHistory 0.160620s response=[hit head] archive=[hit=0 miss=0]
03:15:41 eth_gasPrice 0.379966s response=[hit head] archive=[hit=1 miss=0]
03:15:41 eth_maxPriorityFeePerGas 0.631272s response=[hit head] archive=[hit=1 miss=0]
03:15:42 eth_feeHistory 0.510201s response=[hit head] archive=[hit=1 miss=0]
03:15:45 eth_gasPrice 0.531612s response=[miss head] archive=[hit=0 miss=1]
03:15:46 eth_maxPriorityFeePerGas 0.174010s response=[miss head] archive=[hit=0 miss=0]
03:15:46 eth_feeHistory 0.760975s response=[miss head] archive=[hit=1 miss=1]
03:15:50 eth_gasPrice 0.327656s response=[hit head] archive=[hit=0 miss=0]
03:15:50 eth_maxPriorityFeePerGas 0.463385s response=[hit head] archive=[hit=1 miss=0]
03:15:50 eth_feeHistory 0.174817s response=[hit head] archive=[hit=0 miss=0]
03:15:54 eth_gasPrice 0.550332s response=[hit head] archive=[hit=1 miss=0]
03:15:55 eth_maxPriorityFeePerGas 0.791552s response=[hit head] archive=[hit=1 miss=0]
03:15:55 eth_feeHistory 0.279639s response=[hit head] archive=[hit=1 miss=0]
03:16:00 eth_gasPrice 1.376960s response=[miss head] archive=[hit=5 miss=2]
03:16:01 eth_maxPriorityFeePerGas 1.213302s response=[miss head] archive=[hit=20 miss=0]
03:16:02 eth_feeHistory 0.699274s response=[miss head] archive=[hit=5 miss=0]
03:16:06 eth_gasPrice 1.268435s response=[miss head] archive=[hit=9 miss=1]
03:16:07 eth_maxPriorityFeePerGas 1.051195s response=[miss head] archive=[hit=8 miss=1]
03:16:08 eth_feeHistory 0.906045s response=[miss head] archive=[hit=5 miss=0]
03:16:11 eth_gasPrice 0.260918s response=[hit head] archive=[hit=0 miss=0]
03:16:11 eth_maxPriorityFeePerGas 0.178951s response=[hit head] archive=[hit=0 miss=0]
03:16:12 eth_feeHistory 0.609813s response=[hit head] archive=[hit=1 miss=0]
03:16:16 eth_gasPrice 0.308023s response=[hit head] archive=[hit=0 miss=0]
03:16:16 eth_maxPriorityFeePerGas 0.649979s response=[hit head] archive=[hit=0 miss=1]
03:16:17 eth_feeHistory 0.627535s response=[hit head] archive=[hit=1 miss=0]
03:16:21 eth_gasPrice 0.712565s response=[miss head] archive=[hit=1 miss=1]
03:16:21 eth_maxPriorityFeePerGas 0.140869s response=[miss head] archive=[hit=0 miss=0]
03:16:21 eth_feeHistory 0.545392s response=[miss head] archive=[hit=3 miss=0]
03:16:25 eth_gasPrice 0.638236s response=[hit head] archive=[hit=1 miss=0]
03:16:26 eth_maxPriorityFeePerGas 1.237307s response=[hit head] archive=[hit=0 miss=1]
03:16:27 eth_feeHistory 0.178073s response=[hit head] archive=[hit=0 miss=0]
03:16:31 eth_gasPrice 0.967173s response=[miss head] archive=[hit=4 miss=1]
03:16:32 eth_maxPriorityFeePerGas 1.003957s response=[miss head] archive=[hit=20 miss=0]
03:16:32 eth_feeHistory 0.405721s response=[miss head] archive=[hit=1 miss=0]
03:16:36 eth_gasPrice 0.682376s response=[hit head] archive=[hit=0 miss=1]
03:16:36 eth_maxPriorityFeePerGas 0.480042s response=[hit head] archive=[hit=1 miss=0]
03:16:37 eth_feeHistory 0.463388s response=[hit head] archive=[hit=1 miss=0]
03:16:41 eth_gasPrice 0.910988s response=[hit head] archive=[hit=1 miss=0]
03:16:41 eth_maxPriorityFeePerGas 0.390587s response=[hit head] archive=[hit=1 miss=0]
03:16:42 eth_feeHistory 0.390830s response=[hit head] archive=[hit=1 miss=0]
03:16:46 eth_gasPrice 1.149850s response=[miss head] archive=[hit=1 miss=2]
03:16:47 eth_maxPriorityFeePerGas 0.799007s response=[miss head] archive=[hit=5 miss=0]
03:16:47 eth_feeHistory 0.175663s response=[miss head] archive=[hit=0 miss=0]
03:16:50 eth_gasPrice 0.358571s response=[hit head] archive=[hit=1 miss=0]
03:16:51 eth_maxPriorityFeePerGas 0.628408s response=[hit head] archive=[hit=1 miss=0]
03:16:52 eth_feeHistory 0.657507s response=[hit head] archive=[hit=1 miss=0]
03:16:56 eth_gasPrice 1.548945s response=[miss head] archive=[hit=2 miss=2]
03:16:57 eth_maxPriorityFeePerGas 1.052511s response=[miss head] archive=[hit=20 miss=0]
03:16:58 eth_feeHistory 0.220534s response=[miss head] archive=[hit=1 miss=0]
03:17:02 eth_gasPrice 0.945814s response=[hit head] archive=[hit=0 miss=1]
03:17:02 eth_maxPriorityFeePerGas 0.450799s response=[hit head] archive=[hit=1 miss=0]
03:17:03 eth_feeHistory 0.594223s response=[hit head] archive=[hit=1 miss=0]
